// Jest Snapshot v1, https://goo.gl/fbAQLP

exports[`Header should match the snapshot 1`] = `
<nav>
  <h1>
    Star Wars Trivia Database
  </h1>
  <h2>
     
  </h2>
  <h2 />
  <Link
    to="/"
  >
    <button
      className="singout_button"
    >
      Sign Out
    </button>
  </Link>
  <Link
    to="/favorites"
  >
    <button
      className="favorites_button"
    >
       Favorites 
    </button>
  </Link>
</nav>
`;
