// Jest Snapshot v1, https://goo.gl/fbAQLP

exports[`Header should match the snapshot 1`] = `
<nav>
  <h1>
    Star Wars Trivia Database
  </h1>
  <div
    className="buttons_div"
  >
    <Link
      to="/"
    >
      <button
        className="singout_button"
        onClick={[MockFunction]}
      >
        Sign Out
      </button>
    </Link>
    <Link
      to="/favorites"
    >
      <button
        className="favorites_button"
      >
         Favorites 
      </button>
    </Link>
    <Link
      to="/movies"
    >
      <button
        className="movies_button"
      >
         Movies 
      </button>
    </Link>
  </div>
  <h2>
    expert
     
    bob
  </h2>
  <h2>
    quote
  </h2>
</nav>
`;
