// Jest Snapshot v1, https://goo.gl/fbAQLP

exports[`LandingForm should match the snapshot 1`] = `
<div
  className="landing_form"
>
  <h1>
    Star Wars Trivia Database
  </h1>
  <input
    className="form_name"
    name="name"
    onChange={[Function]}
    placeholder="Name"
    type="text"
    value=""
  />
  <input
    className="form_quote"
    name="quote"
    onChange={[Function]}
    placeholder="Favorite Star Wars Quote"
    type="text"
    value=""
  />
  <select
    className="rank-menu"
    name="rank"
    onChange={[Function]}
    value=""
  >
    <option
      defaultValue="rank"
    >
      Select Your Rank..
    </option>
    <option
      name="rank"
      value="Padawan"
    >
      Padawan
    </option>
    <option
      name="rank"
      value="Jedi Knight"
    >
      Jedi Knight
    </option>
    <option
      name="rank"
      value="Jedi Master"
    >
      Jedi Master
    </option>
  </select>
  <button
    className="form_button"
    disabled={true}
  >
    Submit
  </button>
</div>
`;
