// Jest Snapshot v1, https://goo.gl/fbAQLP

exports[`App should match the snapshot 1`] = `
<div
  className="App"
>
  <Header
    name=""
    quote=""
    rank=""
    signOut={[Function]}
  />
  <LandingForm
    updateState={[Function]}
  />
  <MovieContainer
    className="MovieContainer"
    movies={Array []}
    updateState={[Function]}
  />
</div>
`;
