// Jest Snapshot v1, https://goo.gl/fbAQLP

exports[`MovieCard should match the snapshot 1`] = `
<article
  className="MovieCard"
>
  <div>
    <h2>
      Episode 
      :
    </h2>
    <h3 />
  </div>
  <div>
    <img
      alt="movie cover art"
    />
  </div>
  <div>
    <p>
      Released:
    </p>
    <p />
  </div>
  <Link
    to="/movies/:NaN"
  >
    <button
      className="characters-button"
      data-category={NaN}
      onClick={[Function]}
    >
      View Characters
    </button>
  </Link>
</article>
`;
