// Jest Snapshot v1, https://goo.gl/fbAQLP

exports[`MovieCard should match the snapshot 1`] = `
<article
  className="MovieCard"
>
  <div>
    <h2>
      Episode 
      1
      :
    </h2>
    <h3>
      title
    </h3>
  </div>
  <div>
    <img
      alt="movie cover art"
      src="1.jpg"
    />
  </div>
  <div>
    <p>
      Released:
    </p>
    <p>
      12-12-12
    </p>
  </div>
  <Link
    to="/movies/:0"
  >
    <button
      className="characters-button"
      data-category={0}
      onClick={[Function]}
    >
      View Characters
    </button>
  </Link>
</article>
`;
